[2025-10-28 13:14:18] 📁 Local dir: C:\Users\MSI\Documents\esprit\pi\data
[2025-10-28 13:14:23] 🌐 Webhook URL (Cloudflare): https://electronic-enclosed-confidentiality-empirical.trycloudflare.com/refresh
[2025-10-28 13:15:15] 🚀 /refresh received
[2025-10-28 13:15:15] ✅ Mirrored Articles.csv • rows=16 • sha=bb271bb
[2025-10-28 13:15:51] 🚀 /refresh received
[2025-10-28 13:15:52] ✅ Mirrored Articles.csv • rows=17 • sha=f46dd7d
[2025-10-29 08:49:03] 📁 Local dir: C:\Users\MSI\Documents\esprit\pi\data
[2025-10-29 08:49:08] 🌐 Webhook URL (Cloudflare): https://overseas-per-thou-manufacturers.trycloudflare.com/refresh
[2025-10-29 08:54:01] 🚀 /refresh received
[2025-10-29 08:54:01] ✅ Mirrored Articles.csv • rows=4 • sha=f106f36
[2025-11-01 10:51:56] 📁 Local dir: C:\Users\MSI\Documents\esprit\pi\data
[2025-11-01 10:52:02] 🌐 Webhook URL (Cloudflare): https://talked-kde-enhance-occasionally.trycloudflare.com/refresh
[2025-11-01 10:53:11] 🚀 /refresh received
[2025-11-01 10:53:12] ✅ Mirrored Articles.csv • rows=5 • sha=db2bcb4
[2025-11-01 11:56:13] 📁 Local dir: C:\Users\MSI\Documents\esprit\pi\data
[2025-11-01 11:56:18] 🌐 Webhook URL (Cloudflare): https://five-nonprofit-novel-eternal.trycloudflare.com/refresh
[2025-11-01 11:56:42] 📁 Local dir: C:\Users\MSI\Documents\esprit\pi\data
[2025-11-01 11:56:47] 🌐 Webhook URL (Cloudflare): https://black-democracy-theatre-headline.trycloudflare.com/refresh
[2025-11-01 11:57:51] 🚀 /refresh received
[2025-11-01 11:57:51] ✅ Mirrored Articles.csv • rows=7 • sha=3a43ffc
[2025-11-01 11:58:19] 🚀 /refresh received
[2025-11-01 11:58:19] ✅ Mirrored Articles.csv • rows=5 • sha=8d1e0dc
[2025-11-01 12:28:30] 🚀 /refresh received
[2025-11-01 12:28:31] ✅ Mirrored Articles.csv • rows=6 • sha=6a1159f
[2025-11-01 12:29:25] 🚀 /refresh received
[2025-11-01 12:29:26] ✅ Mirrored Articles.csv • rows=5 • sha=57cf207
[2025-11-01 12:30:19] 🚀 /refresh received
[2025-11-01 12:30:19] ✅ Mirrored Articles.csv • rows=4 • sha=ebca211
[2025-11-01 12:33:30] 🚀 /refresh received
[2025-11-01 12:33:31] ✅ Mirrored Articles.csv • rows=5 • sha=57cf207
[2025-11-05 12:29:57] 📁 Local dir: C:\Users\MSI\Documents\esprit\pi\data
[2025-11-05 12:30:08] 🌐 Webhook URL (Cloudflare): https://swim-senators-reception-painted.trycloudflare.com/refresh
[2025-11-05 12:30:18] 📁 Local dir: C:\Users\MSI\Documents\esprit\pi\data
[2025-11-05 12:30:23] 🌐 Webhook URL (Cloudflare): https://emission-biol-featuring-model.trycloudflare.com/refresh
